This is pdfTeX, Version 3.141592653-2.6-1.40.27 (MiKTeX 25.4) (preloaded format=pdflatex 2025.12.13)  21 JAN 2026 11:58
entering extended mode
 restricted \write18 enabled.
 file:line:error style messages enabled.
 %&-line parsing enabled.
**c:/TFM/github/tfm/Estudio-de-P4-y-su-papel-en-la-telemetria-de-red-en-banda-para-las-redes-5G-and-beyond/main.tex
(c:/TFM/github/tfm/Estudio-de-P4-y-su-papel-en-la-telemetria-de-red-en-banda-para-las-redes-5G-and-beyond/main.tex
LaTeX2e <2025-11-01>
L3 programming layer <2025-11-06>
(C:\Users\edinson.montero\AppData\Local\Programs\MiKTeX\tex/latex/base\report.cls
Document Class: report 2025/01/22 v1.4n Standard LaTeX document class
(C:\Users\edinson.montero\AppData\Local\Programs\MiKTeX\tex/latex/base\size12.clo
File: size12.clo 2025/01/22 v1.4n Standard LaTeX file (size option)
)
\c@part=\count275
\c@chapter=\count276
\c@section=\count277
\c@subsection=\count278
\c@subsubsection=\count279
\c@paragraph=\count280
\c@subparagraph=\count281
\c@figure=\count282
\c@table=\count283
\abovecaptionskip=\skip49
\belowcaptionskip=\skip50
\bibindent=\dimen148
) (style/_master.sty (C:\Users\edinson.montero\AppData\Local\Programs\MiKTeX\tex/latex/fancyhdr\fancyhdr.sty
Package: fancyhdr 2025/02/07 v5.2 Extensive control of page headers and footers
\f@nch@headwidth=\skip51
\f@nch@offset@elh=\skip52
\f@nch@offset@erh=\skip53
\f@nch@offset@olh=\skip54
\f@nch@offset@orh=\skip55
\f@nch@offset@elf=\skip56
\f@nch@offset@erf=\skip57
\f@nch@offset@olf=\skip58
\f@nch@offset@orf=\skip59
\f@nch@height=\skip60
\f@nch@footalignment=\skip61
\f@nch@widthL=\skip62
\f@nch@widthC=\skip63
\f@nch@widthR=\skip64
\@temptokenb=\toks17
) (C:\Users\edinson.montero\AppData\Local\Programs\MiKTeX\tex/latex/float\float.sty
Package: float 2001/11/08 v1.3d Float enhancements (AL)
\c@float@type=\count284
\float@exts=\toks18
\float@box=\box53
\@float@everytoks=\toks19
\@floatcapt=\box54
) (C:\Users\edinson.montero\AppData\Local\Programs\MiKTeX\tex/latex/booktabs\booktabs.sty
Package: booktabs 2020/01/12 v1.61803398 Publication quality tables
\heavyrulewidth=\dimen149
\lightrulewidth=\dimen150
\cmidrulewidth=\dimen151
\belowrulesep=\dimen152
\belowbottomsep=\dimen153
\aboverulesep=\dimen154
\abovetopsep=\dimen155
\cmidrulesep=\dimen156
\cmidrulekern=\dimen157
\defaultaddspace=\dimen158
\@cmidla=\count285
\@cmidlb=\count286
\@aboverulesep=\dimen159
\@belowrulesep=\dimen160
\@thisruleclass=\count287
\@lastruleclass=\count288
\@thisrulewidth=\dimen161
) (C:\Users\edinson.montero\AppData\Local\Programs\MiKTeX\tex/latex/graphics\graphicx.sty
Package: graphicx 2024/12/31 v1.2e Enhanced LaTeX Graphics (DPC,SPQR)
 (C:\Users\edinson.montero\AppData\Local\Programs\MiKTeX\tex/latex/graphics\keyval.sty
Package: keyval 2022/05/29 v1.15 key=value parser (DPC)
\KV@toks@=\toks20
) (C:\Users\edinson.montero\AppData\Local\Programs\MiKTeX\tex/latex/graphics\graphics.sty
Package: graphics 2024/08/06 v1.4g Standard LaTeX Graphics (DPC,SPQR)
 (C:\Users\edinson.montero\AppData\Local\Programs\MiKTeX\tex/latex/graphics\trig.sty
Package: trig 2023/12/02 v1.11 sin cos tan (DPC)
) (C:\Users\edinson.montero\AppData\Local\Programs\MiKTeX\tex/latex/graphics-cfg\graphics.cfg
File: graphics.cfg 2016/06/04 v1.11 sample graphics configuration
)
Package graphics Info: Driver file: pdftex.def on input line 106.
 (C:\Users\edinson.montero\AppData\Local\Programs\MiKTeX\tex/latex/graphics-def\pdftex.def
File: pdftex.def 2025/09/29 v1.2d Graphics/color driver for pdftex
))
\Gin@req@height=\dimen162
\Gin@req@width=\dimen163
) (C:\Users\edinson.montero\AppData\Local\Programs\MiKTeX\tex/latex/listings\listings.sty
\lst@mode=\count289
\lst@gtempboxa=\box55
\lst@token=\toks21
\lst@length=\count290
\lst@currlwidth=\dimen164
\lst@column=\count291
\lst@pos=\count292
\lst@lostspace=\dimen165
\lst@width=\dimen166
\lst@newlines=\count293
\lst@lineno=\count294
\lst@maxwidth=\dimen167
 (C:\Users\edinson.montero\AppData\Local\Programs\MiKTeX\tex/latex/listings\lstpatch.sty
File: lstpatch.sty 2025/11/14 1.11b (Carsten Heinz)
) (C:\Users\edinson.montero\AppData\Local\Programs\MiKTeX\tex/latex/listings\lstmisc.sty
File: lstmisc.sty 2025/11/14 1.11b (Carsten Heinz)
\c@lstnumber=\count295
\lst@skipnumbers=\count296
\lst@framebox=\box56
) (C:\Users\edinson.montero\AppData\Local\Programs\MiKTeX\tex/latex/listings\listings.cfg
File: listings.cfg 2025/11/14 1.11b listings configuration
))
Package: listings 2025/11/14 1.11b (Carsten Heinz)

==> First Aid for listings.sty no longer applied!
    Expected:
        2024/09/23 1.10c (Carsten Heinz)
    but found:
        2025/11/14 1.11b (Carsten Heinz)
    so I'm assuming it got fixed.
(C:\Users\edinson.montero\AppData\Local\Programs\MiKTeX\tex/latex/xcolor\xcolor.sty
Package: xcolor 2024/09/29 v3.02 LaTeX color extensions (UK)
 (C:\Users\edinson.montero\AppData\Local\Programs\MiKTeX\tex/latex/graphics-cfg\color.cfg
File: color.cfg 2016/01/02 v1.6 sample color configuration
)
Package xcolor Info: Driver file: pdftex.def on input line 274.
 (C:\Users\edinson.montero\AppData\Local\Programs\MiKTeX\tex/latex/graphics\mathcolor.ltx)
Package xcolor Info: Model `cmy' substituted by `cmy0' on input line 1349.
Package xcolor Info: Model `hsb' substituted by `rgb' on input line 1353.
Package xcolor Info: Model `RGB' extended on input line 1365.
Package xcolor Info: Model `HTML' substituted by `rgb' on input line 1367.
Package xcolor Info: Model `Hsb' substituted by `hsb' on input line 1368.
Package xcolor Info: Model `tHsb' substituted by `hsb' on input line 1369.
Package xcolor Info: Model `HSB' substituted by `hsb' on input line 1370.
Package xcolor Info: Model `Gray' substituted by `gray' on input line 1371.
Package xcolor Info: Model `wave' substituted by `hsb' on input line 1372.
)) (style/header_footer.sty

LaTeX Warning: You have requested package `style/header_footer',
               but the package provides `header_footer'.

Package: header_footer 
) (C:\Users\edinson.montero\AppData\Local\Programs\MiKTeX\tex/latex/titlesec\titlesec.sty
Package: titlesec 2025/01/04 v2.17 Sectioning titles
\ttl@box=\box57
\beforetitleunit=\skip65
\aftertitleunit=\skip66
\ttl@plus=\dimen168
\ttl@minus=\dimen169
\ttl@toksa=\toks22
\titlewidth=\dimen170
\titlewidthlast=\dimen171
\titlewidthfirst=\dimen172
) (C:\Users\edinson.montero\AppData\Local\Programs\MiKTeX\tex/generic/babel\babel.sty
Package: babel 2025/11/09 v25.15 The multilingual framework for LuaLaTeX, pdfLaTeX and XeLaTeX
\babel@savecnt=\count297
LaTeX Encoding Info:    Redeclaring text command \ij (encoding OT1) on input line 2050.
LaTeX Encoding Info:    Redeclaring text command \IJ (encoding OT1) on input line 2052.
LaTeX Encoding Info:    Redeclaring text command \ij (encoding T1) on input line 2054.
LaTeX Encoding Info:    Redeclaring text command \IJ (encoding T1) on input line 2055.
LaTeX Encoding Info:    Ignoring declaration for text command \ij (encoding ?) on input line 2056.
LaTeX Encoding Info:    Ignoring declaration for text command \IJ (encoding ?) on input line 2058.
LaTeX Encoding Info:    Ignoring declaration for text command \SS (encoding ?) on input line 2083.
\U@D=\dimen173
\l@unhyphenated=\language79
 (C:\Users\edinson.montero\AppData\Local\Programs\MiKTeX\tex/generic/babel\txtbabel.def)
\bbl@readstream=\read2
\bbl@dirlevel=\count298
Package babel Info: Configuration files are deprecated, as
(babel)             they can break document portability.
(babel)             Reported on input line 4175.

*************************************
* Local config file bblopts.cfg used
*
(C:\Users\edinson.montero\AppData\Local\Programs\MiKTeX\tex/latex/arabi\bblopts.cfg
File: bblopts.cfg 2005/09/08 v0.1 add Arabic and Farsi to "declared" options of babel
) (C:\Users\edinson.montero\AppData\Local\Programs\MiKTeX\tex/generic/babel/locale/es\babel-spanish.tex)
Package babel Info: Importing font and identification data for spanish
(babel)             from babel-es.ini. Reported on input line 4298.
 (C:\Users\edinson.montero\AppData\Local\Programs\MiKTeX\tex/latex/babel-spanish\spanish.ldf
Language: spanish.ldf 2021/05/27 v5.0q Spanish support from the babel system
\es@quottoks=\toks23
\es@quotdepth=\count299
Package babel Info: Making " an active character on input line 570.
Package babel Info: Making . an active character on input line 675.
Package babel Info: Making < an active character on input line 722.
Package babel Info: Making > an active character on input line 722.
))
LaTeX Encoding Info:    Redeclaring text command \guillemotleft (encoding OT1) on input line 33.
LaTeX Encoding Info:    Redeclaring text command \guillemotright (encoding OT1) on input line 33.
 (C:\Users\edinson.montero\AppData\Local\Programs\MiKTeX\tex/latex/l3backend\l3backend-pdftex.def
File: l3backend-pdftex.def 2025-10-09 L3 backend support: PDF output (pdfTeX)
\l__color_backend_stack_int=\count300
) (c:\TFM\github\tfm\Estudio-de-P4-y-su-papel-en-la-telemetria-de-red-en-banda-para-las-redes-5G-and-beyond\build\main.aux
LaTeX Info: Redefining \. on input line 8.
LaTeX Info: Redefining \% on input line 8.
Package babel Info: 'spanish' activates 'spanish' shorthands.
(babel)             Reported on input line 8.
 (c:\TFM\github\tfm\Estudio-de-P4-y-su-papel-en-la-telemetria-de-red-en-banda-para-las-redes-5G-and-beyond\build\preface/1.dedicatory.aux) (c:\TFM\github\tfm\Estudio-de-P4-y-su-papel-en-la-telemetria-de-red-en-banda-para-las-redes-5G-and-beyond\build\preface/2.acronyms.aux) (c:\TFM\github\tfm\Estudio-de-P4-y-su-papel-en-la-telemetria-de-red-en-banda-para-las-redes-5G-and-beyond\build\chapters/1.introduccion.aux) (c:\TFM\github\tfm\Estudio-de-P4-y-su-papel-en-la-telemetria-de-red-en-banda-para-las-redes-5G-and-beyond\build\chapters/2.redes_5g.aux) (c:\TFM\github\tfm\Estudio-de-P4-y-su-papel-en-la-telemetria-de-red-en-banda-para-las-redes-5G-and-beyond\build\chapters/3.telemetria.aux) (c:\TFM\github\tfm\Estudio-de-P4-y-su-papel-en-la-telemetria-de-red-en-banda-para-las-redes-5G-and-beyond\build\chapters/4.p4_fundamentos.aux) (c:\TFM\github\tfm\Estudio-de-P4-y-su-papel-en-la-telemetria-de-red-en-banda-para-las-redes-5G-and-beyond\build\chapters/5.entorno_desarrollo.aux) (c:\TFM\github\tfm\Estudio-de-P4-y-su-papel-en-la-telemetria-de-red-en-banda-para-las-redes-5G-and-beyond\build\chapters/6.resultados.aux

LaTeX Warning: Label `fig:ping_internet_int' multiply defined.

) (c:\TFM\github\tfm\Estudio-de-P4-y-su-papel-en-la-telemetria-de-red-en-banda-para-las-redes-5G-and-beyond\build\chapters/7.conclusiones.aux) (c:\TFM\github\tfm\Estudio-de-P4-y-su-papel-en-la-telemetria-de-red-en-banda-para-las-redes-5G-and-beyond\build\chapters/apendices.aux))
\openout1 = `main.aux'.

LaTeX Font Info:    Checking defaults for OML/cmm/m/it on input line 42.
LaTeX Font Info:    ... okay on input line 42.
LaTeX Font Info:    Checking defaults for OMS/cmsy/m/n on input line 42.
LaTeX Font Info:    ... okay on input line 42.
LaTeX Font Info:    Checking defaults for OT1/cmr/m/n on input line 42.
LaTeX Font Info:    ... okay on input line 42.
LaTeX Font Info:    Checking defaults for T1/cmr/m/n on input line 42.
LaTeX Font Info:    ... okay on input line 42.
LaTeX Font Info:    Checking defaults for TS1/cmr/m/n on input line 42.
LaTeX Font Info:    ... okay on input line 42.
LaTeX Font Info:    Checking defaults for OMX/cmex/m/n on input line 42.
LaTeX Font Info:    ... okay on input line 42.
LaTeX Font Info:    Checking defaults for U/cmr/m/n on input line 42.
LaTeX Font Info:    ... okay on input line 42.
 (C:\Users\edinson.montero\AppData\Local\Programs\MiKTeX\tex/context/base/mkii\supp-pdf.mkii
[Loading MPS to PDF converter (version 2006.09.02).]
\scratchcounter=\count301
\scratchdimen=\dimen174
\scratchbox=\box58
\nofMPsegments=\count302
\nofMParguments=\count303
\everyMPshowfont=\toks24
\MPscratchCnt=\count304
\MPscratchDim=\dimen175
\MPnumerator=\count305
\makeMPintoPDFobject=\count306
\everyMPtoPDFconversion=\toks25
) (C:\Users\edinson.montero\AppData\Local\Programs\MiKTeX\tex/latex/epstopdf-pkg\epstopdf-base.sty
Package: epstopdf-base 2020-01-24 v2.11 Base part for package epstopdf
 (C:\Users\edinson.montero\AppData\Local\Programs\MiKTeX\tex/generic/infwarerr\infwarerr.sty
Package: infwarerr 2019/12/03 v1.5 Providing info/warning/error messages (HO)
) (C:\Users\edinson.montero\AppData\Local\Programs\MiKTeX\tex/latex/grfext\grfext.sty
Package: grfext 2019/12/03 v1.3 Manage graphics extensions (HO)
 (C:\Users\edinson.montero\AppData\Local\Programs\MiKTeX\tex/generic/kvdefinekeys\kvdefinekeys.sty
Package: kvdefinekeys 2019-12-19 v1.6 Define keys (HO)
)) (C:\Users\edinson.montero\AppData\Local\Programs\MiKTeX\tex/latex/kvoptions\kvoptions.sty
Package: kvoptions 2022-06-15 v3.15 Key value format for package options (HO)
 (C:\Users\edinson.montero\AppData\Local\Programs\MiKTeX\tex/generic/ltxcmds\ltxcmds.sty
Package: ltxcmds 2023-12-04 v1.26 LaTeX kernel commands for general use (HO)
) (C:\Users\edinson.montero\AppData\Local\Programs\MiKTeX\tex/latex/kvsetkeys\kvsetkeys.sty
Package: kvsetkeys 2022-10-05 v1.19 Key value parser (HO)
)) (C:\Users\edinson.montero\AppData\Local\Programs\MiKTeX\tex/generic/pdftexcmds\pdftexcmds.sty
Package: pdftexcmds 2020-06-27 v0.33 Utility functions of pdfTeX for LuaTeX (HO)
 (C:\Users\edinson.montero\AppData\Local\Programs\MiKTeX\tex/generic/iftex\iftex.sty
Package: iftex 2024/12/12 v1.0g TeX engine tests
)
Package pdftexcmds Info: \pdf@primitive is available.
Package pdftexcmds Info: \pdf@ifprimitive is available.
Package pdftexcmds Info: \pdfdraftmode found.
)
Package epstopdf-base Info: Redefining graphics rule for `.eps' on input line 485.
Package grfext Info: Graphics extension search list:
(grfext)             [.pdf,.png,.jpg,.mps,.jpeg,.jbig2,.jb2,.PDF,.PNG,.JPG,.JPEG,.JBIG2,.JB2,.eps]
(grfext)             \AppendGraphicsExtensions on input line 504.
 (C:\Users\edinson.montero\AppData\Local\Programs\MiKTeX\tex/latex/00miktex\epstopdf-sys.cfg
File: epstopdf-sys.cfg 2021/03/18 v2.0 Configuration of epstopdf for MiKTeX
))
\c@lstlisting=\count307
LaTeX Info: Redefining \. on input line 42.
LaTeX Info: Redefining \% on input line 42.
LaTeX Font Info:    External font `cmex10' loaded for size
(Font)              <14.4> on input line 51.
LaTeX Font Info:    External font `cmex10' loaded for size
(Font)              <7> on input line 51.
 [1

{C:/Users/edinson.montero/AppData/Local/MiKTeX/fonts/map/pdftex/pdftex.map}]
\openout2 = `preface/1.dedicatory.aux'.

 (preface/1.dedicatory.tex) [1


]
\openout2 = `preface/2.acronyms.aux'.

 (preface/2.acronyms.tex
LaTeX Font Info:    External font `cmex10' loaded for size
(Font)              <12> on input line 5.
LaTeX Font Info:    External font `cmex10' loaded for size
(Font)              <8> on input line 5.
LaTeX Font Info:    External font `cmex10' loaded for size
(Font)              <6> on input line 5.
)
Overfull \hbox (32.33856pt too wide) in paragraph at lines 4--57
[] 
 []

[2




]
Overfull \vbox (93.81691pt too high) has occurred while \output is active []

 [3] (c:\TFM\github\tfm\Estudio-de-P4-y-su-papel-en-la-telemetria-de-red-en-banda-para-las-redes-5G-and-beyond\build\main.toc
LaTeX Info: Redefining \. on input line 1.
LaTeX Info: Redefining \% on input line 1.
 [4



]
LaTeX Info: Redefining \. on input line 70.
LaTeX Info: Redefining \% on input line 70.
Package babel Info: 'spanish' activates 'spanish' shorthands.
(babel)             Reported on input line 70.
 [5]
LaTeX Info: Redefining \. on input line 110.
LaTeX Info: Redefining \% on input line 110.
 [6])
\tf@toc=\write3
\openout3 = `main.toc'.

LaTeX Info: Redefining \. on input line 63.
LaTeX Info: Redefining \% on input line 63.
 [7] (c:\TFM\github\tfm\Estudio-de-P4-y-su-papel-en-la-telemetria-de-red-en-banda-para-las-redes-5G-and-beyond\build\main.lof
LaTeX Info: Redefining \. on input line 1.
LaTeX Info: Redefining \% on input line 1.
 [8


])
\tf@lof=\write4
\openout4 = `main.lof'.

LaTeX Info: Redefining \. on input line 66.
LaTeX Info: Redefining \% on input line 66.
 [9] (c:\TFM\github\tfm\Estudio-de-P4-y-su-papel-en-la-telemetria-de-red-en-banda-para-las-redes-5G-and-beyond\build\main.lot
LaTeX Info: Redefining \. on input line 1.
LaTeX Info: Redefining \% on input line 1.
)
\tf@lot=\write5
\openout5 = `main.lot'.

 [10


]
\openout2 = `chapters/1.introduccion.aux'.

 (chapters/1.introduccion.tex
Capítulo 1.
[11



]
LaTeX Info: Redefining \. on input line 24.
LaTeX Info: Redefining \% on input line 24.
 [12]
LaTeX Info: Redefining \. on input line 38.
LaTeX Info: Redefining \% on input line 38.
 [13]
Overfull \hbox (11.102pt too wide) in paragraph at lines 50--51
[]\OT1/cmr/m/n/12 Cap^^S^^Ptu-lo 7: \OT1/cmr/bx/n/12 Dis-cu-si^^Son \OT1/cmr/m/n/12 - Ana-li-za cr^^S^^Pti-ca-men-te los re-sul-ta-dos, com-par^^Sando-
 []

)
LaTeX Info: Redefining \. on input line 74.
LaTeX Info: Redefining \% on input line 74.
 [14]
LaTeX Info: Redefining \. on input line 74.
LaTeX Info: Redefining \% on input line 74.
 [15]
\openout2 = `chapters/2.redes_5g.aux'.

 (chapters/2.redes_5g.tex
Capítulo 2.
[16




]
Overfull \hbox (34.15532pt too wide) in paragraph at lines 18--19
[]\OT1/cmr/bx/n/12 Tecnolog^^S^^Pas emer-gen-tes\OT1/cmr/m/n/12 : Co-mu-ni-ca-cio-nes te-ra-hertz, re-des auto-organizadas
 []

<images/arc-nr.png, id=58, 521.69907pt x 411.78844pt>
File: images/arc-nr.png Graphic file (type png)
<use images/arc-nr.png>
Package pdftex.def Info: images/arc-nr.png  used on input line 31.
(pdftex.def)             Requested size: 390.0pt x 307.84149pt.
LaTeX Info: Redefining \. on input line 35.
LaTeX Info: Redefining \% on input line 35.
[17]
LaTeX Info: Redefining \. on input line 43.
LaTeX Info: Redefining \% on input line 43.
 [18 <./images/arc-nr.png>]
LaTeX Info: Redefining \. on input line 58.
LaTeX Info: Redefining \% on input line 58.
 [19]
LaTeX Info: Redefining \. on input line 65.
LaTeX Info: Redefining \% on input line 65.
 [20]
<images/sba.png, id=75, 740.0147pt x 440.39531pt>
File: images/sba.png Graphic file (type png)
<use images/sba.png>
Package pdftex.def Info: images/sba.png  used on input line 74.
(pdftex.def)             Requested size: 350.99762pt x 208.88754pt.
LaTeX Info: Redefining \. on input line 81.
LaTeX Info: Redefining \% on input line 81.
 [21 <./images/sba.png>]
<images/sbi_p2p.png, id=80, 768.62157pt x 421.575pt>
File: images/sbi_p2p.png Graphic file (type png)
<use images/sbi_p2p.png>
Package pdftex.def Info: images/sbi_p2p.png  used on input line 86.
(pdftex.def)             Requested size: 350.99762pt x 192.51808pt.

Overfull \hbox (1.85416pt too wide) in paragraph at lines 95--96
[]\OT1/cmr/bx/n/12 Protocolo HTTP/2\OT1/cmr/m/n/12 : 5GC uti-li-za HTTP/2 co-mo el pro-to-co-lo de trans-
 []

LaTeX Info: Redefining \. on input line 97.
LaTeX Info: Redefining \% on input line 97.
[22 <./images/sbi_p2p.png>]
LaTeX Info: Redefining \. on input line 107.
LaTeX Info: Redefining \% on input line 107.
 [23]
LaTeX Info: Redefining \. on input line 123.
LaTeX Info: Redefining \% on input line 123.
 [24]
<images/protocol-stack-cp.png, id=92, 861.2175pt x 249.93375pt>
File: images/protocol-stack-cp.png Graphic file (type png)
<use images/protocol-stack-cp.png>
Package pdftex.def Info: images/protocol-stack-cp.png  used on input line 136.
(pdftex.def)             Requested size: 390.0pt x 113.1823pt.


LaTeX Warning: Reference `tab:acronimos' on page 25 undefined on input line 141.


LaTeX Warning: Reference `tab:protocolos' on page 25 undefined on input line 141.


LaTeX Warning: Reference `appendix:acronimos_protocolos' on page 25 undefined on input line 141.

LaTeX Info: Redefining \. on input line 146.
LaTeX Info: Redefining \% on input line 146.
[25 <./images/protocol-stack-cp.png>]
<images/protocol-stack-up.png, id=97, 858.95906pt x 467.49657pt>
File: images/protocol-stack-up.png Graphic file (type png)
<use images/protocol-stack-up.png>
Package pdftex.def Info: images/protocol-stack-up.png  used on input line 150.
(pdftex.def)             Requested size: 390.0pt x 212.26186pt.


LaTeX Warning: Reference `tab:acronimos' on page 26 undefined on input line 156.


LaTeX Warning: Reference `tab:protocolos' on page 26 undefined on input line 156.


LaTeX Warning: Reference `appendix:acronimos_protocolos' on page 26 undefined on input line 156.

LaTeX Info: Redefining \. on input line 164.
LaTeX Info: Redefining \% on input line 164.
[26 <./images/protocol-stack-up.png>]
LaTeX Info: Redefining \. on input line 179.
LaTeX Info: Redefining \% on input line 179.
 [27]
LaTeX Info: Redefining \. on input line 186.
LaTeX Info: Redefining \% on input line 186.
 [28])
\openout2 = `chapters/3.telemetria.aux'.

 (chapters/3.telemetria.tex
Capítulo 3.
[29





]
LaTeX Info: Redefining \. on input line 29.
LaTeX Info: Redefining \% on input line 29.
 [30]
LaTeX Info: Redefining \. on input line 51.
LaTeX Info: Redefining \% on input line 51.
 [31]
LaTeX Info: Redefining \. on input line 68.
LaTeX Info: Redefining \% on input line 68.
 [32])
LaTeX Info: Redefining \. on input line 76.
LaTeX Info: Redefining \% on input line 76.
 [33]
\openout2 = `chapters/4.p4_fundamentos.aux'.


No file chapters/4.p4_fundamentos.tex.
\openout2 = `chapters/5.entorno_desarrollo.aux'.

(chapters/5.entorno_desarrollo.tex
Capítulo 4.

Overfull \hbox (12.07991pt too wide) in paragraph at lines 1--1
|\OT1/cmr/bx/n/24.88 Entorno de De-sa-rro-llo Im-ple-men-
 []

<images/diseno-sistema.png, id=124, 620.3175pt x 266.49562pt>
File: images/diseno-sistema.png Graphic file (type png)
<use images/diseno-sistema.png>
Package pdftex.def Info: images/diseno-sistema.png  used on input line 8.
(pdftex.def)             Requested size: 350.99762pt x 150.78989pt.
[34







]
<images/Topo.png, id=128, 896.59969pt x 475.02469pt>
File: images/Topo.png Graphic file (type png)
<use images/Topo.png>
Package pdftex.def Info: images/Topo.png  used on input line 17.
(pdftex.def)             Requested size: 390.0pt x 206.61957pt.
LaTeX Info: Redefining \. on input line 21.
LaTeX Info: Redefining \% on input line 21.
 [35 <./images/diseno-sistema.png>]
LaTeX Font Info:    External font `cmex10' loaded for size
(Font)              <5> on input line 29.

Overfull \hbox (78.11626pt too wide) in paragraph at lines 29--62
 [][] 
 []

LaTeX Info: Redefining \. on input line 69.
LaTeX Info: Redefining \% on input line 69.
[36 <./images/Topo.png>]
<images/clone-repo.png, id=140, 1630.09pt x 686.565pt>
File: images/clone-repo.png Graphic file (type png)
<use images/clone-repo.png>
Package pdftex.def Info: images/clone-repo.png  used on input line 79.
(pdftex.def)             Requested size: 350.99762pt x 147.8286pt.
<images/clonacion-nf.png, id=141, 2055.68pt x 1433.355pt>
File: images/clonacion-nf.png Graphic file (type png)
<use images/clonacion-nf.png>
Package pdftex.def Info: images/clonacion-nf.png  used on input line 87.
(pdftex.def)             Requested size: 390.0pt x 271.92473pt.
LaTeX Info: Redefining \. on input line 90.
LaTeX Info: Redefining \% on input line 90.
 [37 <./images/clone-repo.png>]
<images/compilacion-nf.png, id=146, 2035.605pt x 1658.195pt>
File: images/compilacion-nf.png Graphic file (type png)
<use images/compilacion-nf.png>
Package pdftex.def Info: images/compilacion-nf.png  used on input line 95.
(pdftex.def)             Requested size: 390.0pt x 317.69173pt.
LaTeX Info: Redefining \. on input line 99.
LaTeX Info: Redefining \% on input line 99.
 [38 <./images/clonacion-nf.png>]
LaTeX Info: Redefining \. on input line 113.
LaTeX Info: Redefining \% on input line 113.
 [39 <./images/compilacion-nf.png>]
LaTeX Info: Redefining \. on input line 158.
LaTeX Info: Redefining \% on input line 158.
 [40]
LaTeX Info: Redefining \. on input line 204.
LaTeX Info: Redefining \% on input line 204.
 [41]
LaTeX Info: Redefining \. on input line 247.
LaTeX Info: Redefining \% on input line 247.
 [42]
LaTeX Info: Redefining \. on input line 294.
LaTeX Info: Redefining \% on input line 294.
 [43]
LaTeX Info: Redefining \. on input line 339.
LaTeX Info: Redefining \% on input line 339.
 [44]
LaTeX Info: Redefining \. on input line 378.
LaTeX Info: Redefining \% on input line 378.
 [45]
<images/docker-build.png, id=175, 2055.68pt x 1134.2375pt>
File: images/docker-build.png Graphic file (type png)
<use images/docker-build.png>
Package pdftex.def Info: images/docker-build.png  used on input line 417.
(pdftex.def)             Requested size: 390.0pt x 215.17853pt.
LaTeX Info: Redefining \. on input line 421.
LaTeX Info: Redefining \% on input line 421.
 [46]
<images/core-host-up.png, id=179, 2055.68pt x 1694.33pt>
File: images/core-host-up.png Graphic file (type png)
<use images/core-host-up.png>
Package pdftex.def Info: images/core-host-up.png  used on input line 424.
(pdftex.def)             Requested size: 390.0pt x 321.43483pt.
LaTeX Info: Redefining \. on input line 428.
LaTeX Info: Redefining \% on input line 428.
 [47 <./images/docker-build.png>]
<images/amf-docker-build.png, id=184, 2051.665pt x 2256.43pt>
File: images/amf-docker-build.png Graphic file (type png)
<use images/amf-docker-build.png>
Package pdftex.def Info: images/amf-docker-build.png  used on input line 435.
(pdftex.def)             Requested size: 390.0pt x 428.89832pt.
LaTeX Info: Redefining \. on input line 439.
LaTeX Info: Redefining \% on input line 439.
 [48 <./images/core-host-up.png>]
LaTeX Info: Redefining \. on input line 445.
LaTeX Info: Redefining \% on input line 445.
 [49 <./images/amf-docker-build.png>]
<images/amf-registro-nrf.png, id=194, 2035.605pt x 1694.33pt>
File: images/amf-registro-nrf.png Graphic file (type png)
<use images/amf-registro-nrf.png>
Package pdftex.def Info: images/amf-registro-nrf.png  used on input line 488.
(pdftex.def)             Requested size: 390.0pt x 324.61479pt.
LaTeX Info: Redefining \. on input line 492.
LaTeX Info: Redefining \% on input line 492.
 [50]
<images/amf-nrf-log.png, id=198, 2569.6pt x 1096.095pt>
File: images/amf-nrf-log.png Graphic file (type png)
<use images/amf-nrf-log.png>
Package pdftex.def Info: images/amf-nrf-log.png  used on input line 496.
(pdftex.def)             Requested size: 390.0pt x 166.34726pt.
LaTeX Info: Redefining \. on input line 500.
LaTeX Info: Redefining \% on input line 500.
 [51 <./images/amf-registro-nrf.png>]
Overfull \hbox (1.19617pt too wide) in paragraph at lines 509--510
\OT1/cmr/m/n/12 (UE-RAN-SIM), SMF co-mo UPF re-quie-ren de la ver-sion ker-nel 5.0.0-23-generic
 []

<images/install-kernel.png, id=203, 2055.68pt x 2031.59pt>
File: images/install-kernel.png Graphic file (type png)
<use images/install-kernel.png>
Package pdftex.def Info: images/install-kernel.png  used on input line 514.
(pdftex.def)             Requested size: 390.0pt x 385.41713pt.
LaTeX Info: Redefining \. on input line 518.
LaTeX Info: Redefining \% on input line 518.
[52 <./images/amf-nrf-log.png>]
<images/eleccion-kernel.png, id=208, 1577.895pt x 2292.565pt>
File: images/eleccion-kernel.png Graphic file (type png)
<use images/eleccion-kernel.png>
Package pdftex.def Info: images/eleccion-kernel.png  used on input line 521.
(pdftex.def)             Requested size: 390.0pt x 566.63326pt.
LaTeX Info: Redefining \. on input line 525.
LaTeX Info: Redefining \% on input line 525.
 [53 <./images/install-kernel.png>]
Overfull \vbox (2.13326pt too high) has occurred while \output is active []

LaTeX Info: Redefining \. on input line 525.
LaTeX Info: Redefining \% on input line 525.
 [54 <./images/eleccion-kernel.png>]
<images/clone-gtp.png, id=218, 1630.09pt x 796.9775pt>
File: images/clone-gtp.png Graphic file (type png)
<use images/clone-gtp.png>
Package pdftex.def Info: images/clone-gtp.png  used on input line 529.
(pdftex.def)             Requested size: 390.0pt x 190.67046pt.
<images/build-gtp.png, id=219, 1527.7075pt x 2218.2875pt>
File: images/build-gtp.png Graphic file (type png)
<use images/build-gtp.png>
Package pdftex.def Info: images/build-gtp.png  used on input line 536.
(pdftex.def)             Requested size: 390.0pt x 566.28203pt.
LaTeX Info: Redefining \. on input line 540.
LaTeX Info: Redefining \% on input line 540.
 [55 <./images/clone-gtp.png>]
Overfull \vbox (1.11534pt too high) has occurred while \output is active []

LaTeX Info: Redefining \. on input line 540.
LaTeX Info: Redefining \% on input line 540.
 [56 <./images/build-gtp.png>]
<images/load-gtp.png, id=228, 969.6225pt x 610.28pt>
File: images/load-gtp.png Graphic file (type png)
<use images/load-gtp.png>
Package pdftex.def Info: images/load-gtp.png  used on input line 543.
(pdftex.def)             Requested size: 390.0pt x 245.46724pt.
<images/check-gtp.png, id=229, 2055.68pt x 1395.2125pt>
File: images/check-gtp.png Graphic file (type png)
<use images/check-gtp.png>
Package pdftex.def Info: images/check-gtp.png  used on input line 550.
(pdftex.def)             Requested size: 390.0pt x 264.68863pt.
LaTeX Info: Redefining \. on input line 554.
LaTeX Info: Redefining \% on input line 554.
 [57 <./images/load-gtp.png>]
LaTeX Info: Redefining \. on input line 572.
LaTeX Info: Redefining \% on input line 572.
 [58 <./images/check-gtp.png>]
<images/smf-registro-nrf.png, id=238, 2569.6pt x 3003.22pt>
File: images/smf-registro-nrf.png Graphic file (type png)
<use images/smf-registro-nrf.png>
Package pdftex.def Info: images/smf-registro-nrf.png  used on input line 609.
(pdftex.def)             Requested size: 390.0pt x 455.77931pt.
LaTeX Info: Redefining \. on input line 613.
LaTeX Info: Redefining \% on input line 613.
 [59]
LaTeX Info: Redefining \. on input line 623.
LaTeX Info: Redefining \% on input line 623.
 [60 <./images/smf-registro-nrf.png>]
LaTeX Info: Redefining \. on input line 661.
LaTeX Info: Redefining \% on input line 661.
 [61]

LaTeX Warning: Reference `fig:upf-up' on page 62 undefined on input line 668.

<images/upf-up.png, id=250, 2569.6pt x 3065.4525pt>
File: images/upf-up.png Graphic file (type png)
<use images/upf-up.png>
Package pdftex.def Info: images/upf-up.png  used on input line 672.
(pdftex.def)             Requested size: 390.0pt x 465.22394pt.
LaTeX Info: Redefining \. on input line 676.
LaTeX Info: Redefining \% on input line 676.
[62]
<images/smf-upf-n4-connection.png, id=254, 2569.6pt x 1158.3275pt>
File: images/smf-upf-n4-connection.png Graphic file (type png)
<use images/smf-upf-n4-connection.png>
Package pdftex.def Info: images/smf-upf-n4-connection.png  used on input line 682.
(pdftex.def)             Requested size: 390.0pt x 175.79189pt.
LaTeX Info: Redefining \. on input line 686.
LaTeX Info: Redefining \% on input line 686.
 [63 <./images/upf-up.png>]
<images/int-topologia.png, id=259, 613.54219pt x 420.06938pt>
File: images/int-topologia.png Graphic file (type png)
<use images/int-topologia.png>
Package pdftex.def Info: images/int-topologia.png  used on input line 692.
(pdftex.def)             Requested size: 390.0pt x 267.01671pt.
LaTeX Info: Redefining \. on input line 696.
LaTeX Info: Redefining \% on input line 696.
 [64 <./images/smf-upf-n4-connection.png>]
LaTeX Info: Redefining \. on input line 710.
LaTeX Info: Redefining \% on input line 710.
 [65 <./images/int-topologia.png>] (C:\Users\edinson.montero\AppData\Local\Programs\MiKTeX\tex/latex/listings\lstlang1.sty
File: lstlang1.sty 2025/11/14 1.11b listings language file
) (C:\Users\edinson.montero\AppData\Local\Programs\MiKTeX\tex/latex/listings\lstlang1.sty
File: lstlang1.sty 2025/11/14 1.11b listings language file
) (C:\Users\edinson.montero\AppData\Local\Programs\MiKTeX\tex/latex/listings\lstmisc.sty
File: lstmisc.sty 2025/11/14 1.11b (Carsten Heinz)
)
LaTeX Font Info:    Font shape `OT1/cmtt/bx/n' in size <10> not available
(Font)              Font shape `OT1/cmtt/m/n' tried instead on input line 735.
LaTeX Info: Redefining \. on input line 786.
LaTeX Info: Redefining \% on input line 786.
 [66]
LaTeX Info: Redefining \. on input line 834.
LaTeX Info: Redefining \% on input line 834.
 [67]

LaTeX Warning: Reference `lst:int-cabeceras' on page 68 undefined on input line 851.

LaTeX Info: Redefining \. on input line 895.
LaTeX Info: Redefining \% on input line 895.
[68]
LaTeX Info: Redefining \. on input line 941.
LaTeX Info: Redefining \% on input line 941.
 [69]
LaTeX Info: Redefining \. on input line 998.
LaTeX Info: Redefining \% on input line 998.
 [70]
LaTeX Info: Redefining \. on input line 1043.
LaTeX Info: Redefining \% on input line 1043.
 [71]
LaTeX Info: Redefining \. on input line 1087.
LaTeX Info: Redefining \% on input line 1087.
 [72]
LaTeX Info: Redefining \. on input line 1141.
LaTeX Info: Redefining \% on input line 1141.
 [73]
LaTeX Info: Redefining \. on input line 1201.
LaTeX Info: Redefining \% on input line 1201.
 [74]
LaTeX Info: Redefining \. on input line 1260.
LaTeX Info: Redefining \% on input line 1260.
 [75]
LaTeX Info: Redefining \. on input line 1300.
LaTeX Info: Redefining \% on input line 1300.
 [76]
LaTeX Info: Redefining \. on input line 1364.
LaTeX Info: Redefining \% on input line 1364.
 [77]
LaTeX Info: Redefining \. on input line 1422.
LaTeX Info: Redefining \% on input line 1422.
 [78]
LaTeX Info: Redefining \. on input line 1491.
LaTeX Info: Redefining \% on input line 1491.
 [79]
LaTeX Info: Redefining \. on input line 1521.
LaTeX Info: Redefining \% on input line 1521.
 [80]
LaTeX Info: Redefining \. on input line 1612.
LaTeX Info: Redefining \% on input line 1612.
 [81]
LaTeX Info: Redefining \. on input line 1653.
LaTeX Info: Redefining \% on input line 1653.
 [82]
LaTeX Info: Redefining \. on input line 1693.
LaTeX Info: Redefining \% on input line 1693.
 [83]
LaTeX Info: Redefining \. on input line 1753.
LaTeX Info: Redefining \% on input line 1753.
 [84]
LaTeX Info: Redefining \. on input line 1796.
LaTeX Info: Redefining \% on input line 1796.
 [85]
LaTeX Info: Redefining \. on input line 1862.
LaTeX Info: Redefining \% on input line 1862.
 [86] (C:\Users\edinson.montero\AppData\Local\Programs\MiKTeX\tex/latex/listings\lstlang1.sty
File: lstlang1.sty 2025/11/14 1.11b listings language file
) (C:\Users\edinson.montero\AppData\Local\Programs\MiKTeX\tex/latex/listings\lstlang1.sty
File: lstlang1.sty 2025/11/14 1.11b listings language file
)
LaTeX Info: Redefining \. on input line 1917.
LaTeX Info: Redefining \% on input line 1917.
 [87]
<images/instalacion-grafana.png, id=341, 2055.68pt x 1162.3425pt>
File: images/instalacion-grafana.png Graphic file (type png)
<use images/instalacion-grafana.png>
Package pdftex.def Info: images/instalacion-grafana.png  used on input line 1952.
(pdftex.def)             Requested size: 429.00238pt x 242.5561pt.

Overfull \hbox (39.00238pt too wide) in paragraph at lines 1952--1953
 [][] 
 []

LaTeX Info: Redefining \. on input line 1956.
LaTeX Info: Redefining \% on input line 1956.
[88]
<images/creacion-influxdb.png, id=345, 1553.805pt x 638.385pt>
File: images/creacion-influxdb.png Graphic file (type png)
<use images/creacion-influxdb.png>
Package pdftex.def Info: images/creacion-influxdb.png  used on input line 1961.
(pdftex.def)             Requested size: 429.00238pt x 176.25288pt.

Overfull \hbox (39.00238pt too wide) in paragraph at lines 1961--1962
 [][] 
 []

LaTeX Info: Redefining \. on input line 1969.
LaTeX Info: Redefining \% on input line 1969.
[89 <./images/instalacion-grafana.png> <./images/creacion-influxdb.png>]
<images/influxdb-connection.png, id=351, 566.71725pt x 413.74574pt>
File: images/influxdb-connection.png Graphic file (type png)
<use images/influxdb-connection.png>
Package pdftex.def Info: images/influxdb-connection.png  used on input line 1973.
(pdftex.def)             Requested size: 429.00238pt x 313.21895pt.

Overfull \hbox (39.00238pt too wide) in paragraph at lines 1973--1974
 [][] 
 []

<images/influxdb-connection-2.png, id=352, 571.53525pt x 426.99525pt>
File: images/influxdb-connection-2.png Graphic file (type png)
<use images/influxdb-connection-2.png>
Package pdftex.def Info: images/influxdb-connection-2.png  used on input line 1980.
(pdftex.def)             Requested size: 429.00238pt x 320.50627pt.

Overfull \hbox (39.00238pt too wide) in paragraph at lines 1980--1981
 [][] 
 []

LaTeX Info: Redefining \. on input line 1984.
LaTeX Info: Redefining \% on input line 1984.
[90 <./images/influxdb-connection.png>]
LaTeX Info: Redefining \. on input line 1992.
LaTeX Info: Redefining \% on input line 1992.
 [91 <./images/influxdb-connection-2.png>] (C:\Users\edinson.montero\AppData\Local\Programs\MiKTeX\tex/latex/listings\lstlang1.sty
File: lstlang1.sty 2025/11/14 1.11b listings language file
)
LaTeX Info: Redefining \. on input line 2051.
LaTeX Info: Redefining \% on input line 2051.
 [92]
LaTeX Info: Redefining \. on input line 2113.
LaTeX Info: Redefining \% on input line 2113.
 [93]
LaTeX Info: Redefining \. on input line 2169.
LaTeX Info: Redefining \% on input line 2169.
 [94]
LaTeX Info: Redefining \. on input line 2209.
LaTeX Info: Redefining \% on input line 2209.
 [95]
LaTeX Info: Redefining \. on input line 2268.
LaTeX Info: Redefining \% on input line 2268.
 [96]
LaTeX Info: Redefining \. on input line 2308.
LaTeX Info: Redefining \% on input line 2308.
 [97]
LaTeX Info: Redefining \. on input line 2372.
LaTeX Info: Redefining \% on input line 2372.
 [98]
LaTeX Info: Redefining \. on input line 2409.
LaTeX Info: Redefining \% on input line 2409.
 [99]
LaTeX Info: Redefining \. on input line 2470.
LaTeX Info: Redefining \% on input line 2470.
 [100]
Overfull \hbox (73.12523pt too wide) in paragraph at lines 2496--2496
[]\OT1/cmtt/m/n/12 [INT] New packet: aa:bb:cc:dd:ee:ff -> 11:22:33:44:55:66, length: 198 bytes[] 
 []


Overfull \hbox (48.42522pt too wide) in paragraph at lines 2496--2496
[]\OT1/cmtt/m/n/12 [INT] Header: version=1, hop_ml=3, instruction=0x00ff, remaining_hops=0[] 
 []


Overfull \hbox (0.50583pt too wide) in paragraph at lines 2533--2533
|[]\OT1/cmr/bx/n/17.28 Despliegue del NGRAN con UE-RAN-SIM| 
 []

LaTeX Info: Redefining \. on input line 2537.
LaTeX Info: Redefining \% on input line 2537.
[101]

LaTeX Warning: Reference `fig:gnb-config' on page 102 undefined on input line 2572.

)
LaTeX Info: Redefining \. on input line 78.
LaTeX Info: Redefining \% on input line 78.
 [102]
\openout2 = `chapters/6.resultados.aux'.

 (chapters/6.resultados.tex
Capítulo 5.

LaTeX Warning: Citation `rfc9950' on page 103 undefined on input line 7.

<images/gnb-log.png, id=397, 711.8595pt x 478.1865pt>
File: images/gnb-log.png Graphic file (type png)
<use images/gnb-log.png>
Package pdftex.def Info: images/gnb-log.png  used on input line 11.
(pdftex.def)             Requested size: 390.0pt x 261.98186pt.
[103




]
<images/Captura-n2.png, id=401, 1334.73656pt x 639.89063pt>
File: images/Captura-n2.png Graphic file (type png)
<use images/Captura-n2.png>
Package pdftex.def Info: images/Captura-n2.png  used on input line 19.
(pdftex.def)             Requested size: 390.0pt x 186.96953pt.
<images/log-s1-n2-2.png, id=402, 2569.6pt x 3651.6425pt>
File: images/log-s1-n2-2.png Graphic file (type png)
<use images/log-s1-n2-2.png>
Package pdftex.def Info: images/log-s1-n2-2.png  used on input line 27.
(pdftex.def)             Requested size: 390.0pt x 554.18622pt.
LaTeX Info: Redefining \. on input line 30.
LaTeX Info: Redefining \% on input line 30.
 [104 <./images/gnb-log.png> <./images/Captura-n2.png>]
LaTeX Info: Redefining \. on input line 31.
LaTeX Info: Redefining \% on input line 31.
 [105]
Overfull \vbox (3.51953pt too high) has occurred while \output is active []

LaTeX Info: Redefining \. on input line 31.
LaTeX Info: Redefining \% on input line 31.
 [106 <./images/log-s1-n2-2.png>]

LaTeX Warning: Reference `fig:log_s1_n2-2' on page 107 undefined on input line 31.

<images/s1-s2-details.png, id=415, 715.473pt x 346.896pt>
File: images/s1-s2-details.png Graphic file (type png)
<use images/s1-s2-details.png>
Package pdftex.def Info: images/s1-s2-details.png  used on input line 37.
(pdftex.def)             Requested size: 390.0pt x 189.08897pt.
<images/s2-log.png, id=416, 2569.6pt x 2447.1425pt>
File: images/s2-log.png Graphic file (type png)
<use images/s2-log.png>
Package pdftex.def Info: images/s2-log.png  used on input line 46.
(pdftex.def)             Requested size: 390.0pt x 371.38702pt.
LaTeX Info: Redefining \. on input line 50.
LaTeX Info: Redefining \% on input line 50.
[107 <./images/s1-s2-details.png>]
<images/s2-s3-cap.png, id=421, 894.9435pt x 386.6445pt>
File: images/s2-s3-cap.png Graphic file (type png)
<use images/s2-s3-cap.png>
Package pdftex.def Info: images/s2-s3-cap.png  used on input line 54.
(pdftex.def)             Requested size: 390.0pt x 168.48988pt.
LaTeX Info: Redefining \. on input line 58.
LaTeX Info: Redefining \% on input line 58.
 [108 <./images/s2-log.png>]
<images/s3-log.png, id=427, 2569.6pt x 2995.19pt>
File: images/s3-log.png Graphic file (type png)
<use images/s3-log.png>
Package pdftex.def Info: images/s3-log.png  used on input line 63.
(pdftex.def)             Requested size: 390.0pt x 454.56065pt.
LaTeX Info: Redefining \. on input line 67.
LaTeX Info: Redefining \% on input line 67.
 [109 <./images/s2-s3-cap.png>]
<images/s3-clone.png, id=432, 716.6775pt x 168.63pt>
File: images/s3-clone.png Graphic file (type png)
<use images/s3-clone.png>
Package pdftex.def Info: images/s3-clone.png  used on input line 71.
(pdftex.def)             Requested size: 390.0pt x 91.76643pt.
<images/s3-original.png, id=433, 946.13475pt x 304.13625pt>
File: images/s3-original.png Graphic file (type png)
<use images/s3-original.png>
Package pdftex.def Info: images/s3-original.png  used on input line 78.
(pdftex.def)             Requested size: 390.0pt x 125.36493pt.
LaTeX Info: Redefining \. on input line 85.
LaTeX Info: Redefining \% on input line 85.
 [110 <./images/s3-log.png>]
<images/gnb-session.png, id=438, 707.0415pt x 466.1415pt>
File: images/gnb-session.png Graphic file (type png)
<use images/gnb-session.png>
Package pdftex.def Info: images/gnb-session.png  used on input line 89.
(pdftex.def)             Requested size: 390.0pt x 257.11833pt.
LaTeX Info: Redefining \. on input line 93.
LaTeX Info: Redefining \% on input line 93.
 [111 <./images/s3-clone.png> <./images/s3-original.png>]
<images/gnb-session-tunnel.png, id=444, 708.84825pt x 355.3275pt>
File: images/gnb-session-tunnel.png Graphic file (type png)
<use images/gnb-session-tunnel.png>
Package pdftex.def Info: images/gnb-session-tunnel.png  used on input line 97.
(pdftex.def)             Requested size: 390.0pt x 195.49577pt.
<images/gnb-session-tunnel-ping.png, id=445, 508.90125pt x 141.52875pt>
File: images/gnb-session-tunnel-ping.png Graphic file (type png)
<use images/gnb-session-tunnel-ping.png>
Package pdftex.def Info: images/gnb-session-tunnel-ping.png  used on input line 105.
(pdftex.def)             Requested size: 390.0pt x 108.46565pt.
LaTeX Info: Redefining \. on input line 108.
LaTeX Info: Redefining \% on input line 108.
 [112 <./images/gnb-session.png> <./images/gnb-session-tunnel.png>]
<images/ping-int.png, id=451, 917.22675pt x 305.943pt>
File: images/ping-int.png Graphic file (type png)
<use images/ping-int.png>
Package pdftex.def Info: images/ping-int.png  used on input line 113.
(pdftex.def)             Requested size: 390.0pt x 130.0824pt.
<images/grafana-latencias.png, id=452, 702.82574pt x 230.66174pt>
File: images/grafana-latencias.png Graphic file (type png)
<use images/grafana-latencias.png>
Package pdftex.def Info: images/grafana-latencias.png  used on input line 125.
(pdftex.def)             Requested size: 390.0pt x 127.99413pt.
LaTeX Info: Redefining \. on input line 129.
LaTeX Info: Redefining \% on input line 129.
 [113 <./images/gnb-session-tunnel-ping.png> <./images/ping-int.png>]
<images/ocupacion-cola.png, id=458, 697.4055pt x 231.86626pt>
File: images/ocupacion-cola.png Graphic file (type png)
<use images/ocupacion-cola.png>
Package pdftex.def Info: images/ocupacion-cola.png  used on input line 135.
(pdftex.def)             Requested size: 390.0pt x 129.66731pt.
<images/latencia-con-rafagas.png, id=459, 699.8145pt x 231.86626pt>
File: images/latencia-con-rafagas.png Graphic file (type png)
<use images/latencia-con-rafagas.png>
Package pdftex.def Info: images/latencia-con-rafagas.png  used on input line 143.
(pdftex.def)             Requested size: 390.0pt x 129.21445pt.
LaTeX Info: Redefining \. on input line 147.
LaTeX Info: Redefining \% on input line 147.
 [114 <./images/grafana-latencias.png> <./images/ocupacion-cola.png>]
<images/hld-sin-int.png, id=467, 707.0415pt x 368.577pt>
File: images/hld-sin-int.png Graphic file (type png)
<use images/hld-sin-int.png>
Package pdftex.def Info: images/hld-sin-int.png  used on input line 154.
(pdftex.def)             Requested size: 390.0pt x 203.30286pt.
<images/ping-sin-int.png, id=468, 950.95274pt x 567.92175pt>
File: images/ping-sin-int.png Graphic file (type png)
<use images/ping-sin-int.png>
Package pdftex.def Info: images/ping-sin-int.png  used on input line 162.
(pdftex.def)             Requested size: 390.0pt x 232.91008pt.
LaTeX Info: Redefining \. on input line 165.
LaTeX Info: Redefining \% on input line 165.
 [115 <./images/latencia-con-rafagas.png> <./images/hld-sin-int.png>])
LaTeX Info: Redefining \. on input line 79.
LaTeX Info: Redefining \% on input line 79.
 [116 <./images/ping-sin-int.png>]
\openout2 = `chapters/7.conclusiones.aux'.

 (chapters/7.conclusiones.tex
Capítulo 6.
[117




]
LaTeX Info: Redefining \. on input line 31.
LaTeX Info: Redefining \% on input line 31.
 [118]
LaTeX Info: Redefining \. on input line 49.
LaTeX Info: Redefining \% on input line 49.
 [119]
LaTeX Info: Redefining \. on input line 70.
LaTeX Info: Redefining \% on input line 70.
 [120]
LaTeX Info: Redefining \. on input line 99.
LaTeX Info: Redefining \% on input line 99.
 [121])
LaTeX Info: Redefining \. on input line 80.
LaTeX Info: Redefining \% on input line 80.
 [122]
\openout2 = `chapters/apendices.aux'.

 (chapters/apendices.tex
Apéndice A.
[123




]
Overfull \hbox (3.04623pt too wide) in paragraph at lines 37--37
|[]\OT1/cmr/bx/n/14.4 Archivos de con-fi-gu-ra-ci^^Son de Net-work Fun-ctions| 
 []


Overfull \hbox (5.48148pt too wide) in paragraph at lines 40--41
[]\OT1/cmtt/m/n/12 amfcfg.yaml\OT1/cmr/m/n/12 : Con-fi-gu-ra-ci^^Son del AMF (PLMN, TAC, in-ter-fa-ces N2/N11,
 []

LaTeX Info: Redefining \. on input line 56.
LaTeX Info: Redefining \% on input line 56.
[124])
LaTeX Info: Redefining \. on input line 86.
LaTeX Info: Redefining \% on input line 86.
 [125] (c:\TFM\github\tfm\Estudio-de-P4-y-su-papel-en-la-telemetria-de-red-en-banda-para-las-redes-5G-and-beyond\build\main.bbl) [126



] (c:\TFM\github\tfm\Estudio-de-P4-y-su-papel-en-la-telemetria-de-red-en-banda-para-las-redes-5G-and-beyond\build\main.aux
LaTeX Info: Redefining \. on input line 8.
LaTeX Info: Redefining \% on input line 8.
 (c:\TFM\github\tfm\Estudio-de-P4-y-su-papel-en-la-telemetria-de-red-en-banda-para-las-redes-5G-and-beyond\build\preface/1.dedicatory.aux) (c:\TFM\github\tfm\Estudio-de-P4-y-su-papel-en-la-telemetria-de-red-en-banda-para-las-redes-5G-and-beyond\build\preface/2.acronyms.aux) (c:\TFM\github\tfm\Estudio-de-P4-y-su-papel-en-la-telemetria-de-red-en-banda-para-las-redes-5G-and-beyond\build\chapters/1.introduccion.aux) (c:\TFM\github\tfm\Estudio-de-P4-y-su-papel-en-la-telemetria-de-red-en-banda-para-las-redes-5G-and-beyond\build\chapters/2.redes_5g.aux) (c:\TFM\github\tfm\Estudio-de-P4-y-su-papel-en-la-telemetria-de-red-en-banda-para-las-redes-5G-and-beyond\build\chapters/3.telemetria.aux) (c:\TFM\github\tfm\Estudio-de-P4-y-su-papel-en-la-telemetria-de-red-en-banda-para-las-redes-5G-and-beyond\build\chapters/4.p4_fundamentos.aux) (c:\TFM\github\tfm\Estudio-de-P4-y-su-papel-en-la-telemetria-de-red-en-banda-para-las-redes-5G-and-beyond\build\chapters/5.entorno_desarrollo.aux) (c:\TFM\github\tfm\Estudio-de-P4-y-su-papel-en-la-telemetria-de-red-en-banda-para-las-redes-5G-and-beyond\build\chapters/6.resultados.aux) (c:\TFM\github\tfm\Estudio-de-P4-y-su-papel-en-la-telemetria-de-red-en-banda-para-las-redes-5G-and-beyond\build\chapters/7.conclusiones.aux) (c:\TFM\github\tfm\Estudio-de-P4-y-su-papel-en-la-telemetria-de-red-en-banda-para-las-redes-5G-and-beyond\build\chapters/apendices.aux))
 ***********
LaTeX2e <2025-11-01>
L3 programming layer <2025-11-06>
 ***********


LaTeX Warning: There were undefined references.


LaTeX Warning: There were multiply-defined labels.

 ) 
Here is how much of TeX's memory you used:
 7993 strings out of 467871
 144721 string characters out of 5413535
 1040382 words of memory out of 5000000
 36706 multiletter control sequences out of 15000+600000
 635036 words of font info for 65 fonts, out of 8000000 for 9000
 1141 hyphenation exceptions out of 8191
 72i,13n,86p,1236b,2199s stack positions out of 10000i,1000n,20000p,200000b,200000s
 <C:\Users\edinson.montero\AppData\Local\MiKTeX\fonts/pk/ljfour/jknappen/ec/dpi600\tcti1200.pk><C:/Users/edinson.montero/AppData/Local/Programs/MiKTeX/fonts/type1/public/amsfonts/cm/cmbx12.pfb><C:/Users/edinson.montero/AppData/Local/Programs/MiKTeX/fonts/type1/public/amsfonts/cm/cmbx6.pfb><C:/Users/edinson.montero/AppData/Local/Programs/MiKTeX/fonts/type1/public/amsfonts/cm/cmitt10.pfb><C:/Users/edinson.montero/AppData/Local/Programs/MiKTeX/fonts/type1/public/amsfonts/cm/cmr12.pfb><C:/Users/edinson.montero/AppData/Local/Programs/MiKTeX/fonts/type1/public/amsfonts/cm/cmr17.pfb><C:/Users/edinson.montero/AppData/Local/Programs/MiKTeX/fonts/type1/public/amsfonts/cm/cmr6.pfb><C:/Users/edinson.montero/AppData/Local/Programs/MiKTeX/fonts/type1/public/amsfonts/cm/cmsy10.pfb><C:/Users/edinson.montero/AppData/Local/Programs/MiKTeX/fonts/type1/public/amsfonts/cm/cmti12.pfb><C:/Users/edinson.montero/AppData/Local/Programs/MiKTeX/fonts/type1/public/amsfonts/cm/cmtt10.pfb><C:/Users/edinson.montero/AppData/Local/Programs/MiKTeX/fonts/type1/public/amsfonts/cm/cmtt12.pfb><C:/Users/edinson.montero/AppData/Local/Programs/MiKTeX/fonts/type1/public/amsfonts/latxfont/lcircle1.pfb>
Output written on c:\TFM\github\tfm\Estudio-de-P4-y-su-papel-en-la-telemetria-de-red-en-banda-para-las-redes-5G-and-beyond\build\main.pdf (127 pages, 12722120 bytes).
PDF statistics:
 565 PDF objects out of 1000 (max. 8388607)
 0 named destinations out of 1000 (max. 500000)
 236 words of extra memory for PDF output out of 10000 (max. 10000000)

